[init ok]
[reached retype_region_silc_inv]
== target line 19: subgoal
by (fastforce simp: default_object_def empty_cnode_def split: 
   facts: ['apiobject_type.splits', 'default_object_def', 'empty_cnode_def', 'if_splits']
  [think d0] (NO_CLAUDE: pure DFS, structural menu order)  -> []
    → apply (erule notE)  [3sg] 1. \<And>s b cap p sza fun cte. \<lbrakk>range_cover pt
  [think d1] (NO_CLAUDE: pure DFS, structural menu order)  -> []
    → apply (erule allE)  [3sg] 1. \<And>s b cap p sza fun cte. \<lbrakk>range_cover pt
  [think d2] (NO_CLAUDE: pure DFS, structural menu order)  -> []
    → apply hypsubst  [3sg] 1. \<And>s b cap p sza fun cte. \<lbrakk>range_cover pt
  [think d3] (NO_CLAUDE: pure DFS, structural menu order)  -> []
    → apply (subst apiobject_type.splits)  [3sg] 1. \<And>s b cap p sza fun cte. \<lbrakk>range_cover pt
  [think d4] (NO_CLAUDE: pure DFS, structural menu order)  -> []
    → apply (unfold default_object_def)  [3sg] 1. \<And>s b cap p sza fun cte. \<lbrakk>range_cover pt
  [think d5] (NO_CLAUDE: pure DFS, structural menu order)  -> []
    → apply (simp only: default_object_def)  [3sg] 1. \<And>s b cap p sza fun cte. \<lbrakk>range_cover pt
  [think d6] (NO_CLAUDE: pure DFS, structural menu order)  -> []
    → apply (simp only: empty_cnode_def)  [3sg] 1. \<And>s b cap p sza fun cte. \<lbrakk>range_cover pt
  [think d7] (NO_CLAUDE: pure DFS, structural menu order)  -> []
    → apply (subst if_splits)  [3sg] 1. \<And>s b cap p sza fun cte. \<lbrakk>range_cover pt
  [think d8] (NO_CLAUDE: pure DFS, structural menu order)  -> []
[node cap]

[result] verdict=NO-PATH  path=[]
[saved] /workspace/tools/seL4-proof-search/Isa-Repl/runs/react-retype_region_silc_inv-P25839.json
