Started at Sat May 9 06:05:53 GMT 2026 (polyml-5.9.1_x86_64_32-linux on lijun-VMware-Virtual-Platform)
ISABELLE_TOOL_JAVA_OPTIONS="-Djava.awt.headless=true -Xms512m -Xmx4g -Xss16m"
ISABELLE_BUILD_OPTIONS=""

ML_PLATFORM="x86_64_32-linux"
ML_HOME="/root/.isabelle/contrib/polyml-5.9.1/x86_64_32-linux"
ML_SYSTEM="polyml-5.9.1"
ML_OPTIONS="-H 8000 --maxheap 16000 --stackspace 64"

Session Pure/Pure
Session FOL/FOL
Session Misc/Tools
Session HOL/HOL (main)
Session HOL/HOL-Cardinals (timing)
Session HOL/HOL-Library (main timing)
Session HOL/HOL-Combinatorics (main timing)
Session HOL/HOL-Computational_Algebra (main timing)
Session HOL/HOL-Algebra (main timing)
Session HOL/HOL-Decision_Procs (timing)
Session HOL/HOL-Real_Asymp
Session HOL/HOL-Analysis (main timing)
Session HOL/HOL-Eisbach
Session HOL/HOL-Statespace
Session Lib/ML_Utils (lib)
Session Lib/Eisbach_Tools (lib)
Session Lib/Monads (lib)
Session Lib/Word_Lib (lib)
Session Lib/Basics (lib)
Session Lib/Lib (lib)
Session Specifications/ExecSpec
Session Specifications/ASpec
Session Proofs/AInvs
Session Proofs/Access
Session Proofs/InfoFlow
Session Lib/CorresK
Session Proofs/BaseRefine
Session Proofs/Refine
Session C-Parser/Simpl-VCG
Session C-Parser/CParser
Session Unsorted/AutoCorres
Session Lib/CLib (lib)
Session Tools/AsmRefine
Session Specifications/CKernel
Session Specifications/CSpec
Session Proofs/CBaseRefine
Session Proofs/CRefine
Session Proofs/InfoFlowCBase
Session Proofs/InfoFlowC
Building InfoFlowCBase ...
InfoFlowCBase: theory Lib.Distinct_Cmd
InfoFlowCBase: theory InfoFlow.Noninterference_Base
InfoFlowCBase: theory Lib.EquivValid
InfoFlowCBase: theory Access.Deterministic_AC
InfoFlowCBase: theory Access.ArchTypes
InfoFlowCBase: theory Access.Types
InfoFlowCBase: theory InfoFlow.Noninterference_Base_Alternatives
InfoFlowCBase: theory InfoFlow.Noninterference_Base_Refinement
InfoFlowCBase: theory Access.ArchAccess
InfoFlowCBase: theory Access.Access
InfoFlowCBase: theory Access.Access_AC
InfoFlowCBase: theory Access.ArchAccess_AC
InfoFlowCBase: theory Access.CNode_AC
InfoFlowCBase: theory Access.ArchCNode_AC
InfoFlowCBase: theory Access.Retype_AC
InfoFlowCBase: theory Access.ArchRetype_AC
InfoFlowCBase: theory Access.Arch_AC
InfoFlowCBase: theory Access.ArchArch_AC
InfoFlowCBase: theory Access.Finalise_AC
InfoFlowCBase: theory Access.ArchFinalise_AC
InfoFlowCBase: theory Access.Interrupt_AC
InfoFlowCBase: theory Access.Ipc_AC
InfoFlowCBase: theory Access.ArchInterrupt_AC
InfoFlowCBase: theory Access.Tcb_AC
InfoFlowCBase: theory Access.ArchTcb_AC
InfoFlowCBase: theory Access.ArchIpc_AC
InfoFlowCBase: theory Access.DomainSepInv
InfoFlowCBase: theory Access.ArchDomainSepInv
InfoFlowCBase: theory InfoFlow.IRQMasks_IF
InfoFlowCBase: theory Access.Syscall_AC
InfoFlowCBase: theory InfoFlow.ArchIRQMasks_IF
InfoFlowCBase: theory Access.ArchSyscall_AC
InfoFlowCBase: theory Access.ADT_AC
InfoFlowCBase: theory Access.ArchADT_AC
InfoFlowCBase: theory InfoFlow.ArchInfoFlow
InfoFlowCBase: theory InfoFlow.InfoFlow
InfoFlowCBase: theory InfoFlow.InfoFlow_IF
InfoFlowCBase: theory InfoFlow.ArchInfoFlow_IF
InfoFlowCBase: theory InfoFlow.FinalCaps
InfoFlowCBase: theory InfoFlow.ArchFinalCaps
InfoFlowCBase: theory InfoFlow.CNode_IF
InfoFlowCBase: theory InfoFlow.ArchCNode_IF
InfoFlowCBase: theory InfoFlow.Retype_IF
InfoFlowCBase: theory InfoFlow.ArchRetype_IF
InfoFlowCBase: theory InfoFlow.Arch_IF
InfoFlowCBase: theory InfoFlow.ArchArch_IF
InfoFlowCBase: theory InfoFlow.Finalise_IF
InfoFlowCBase: theory InfoFlow.PasUpdates
InfoFlowCBase: theory InfoFlow.ArchFinalise_IF
InfoFlowCBase: theory InfoFlow.ArchPasUpdates
InfoFlowCBase: theory InfoFlow.Interrupt_IF
InfoFlowCBase: theory InfoFlow.Ipc_IF
InfoFlowCBase: theory InfoFlow.Tcb_IF
InfoFlowCBase: theory InfoFlow.ArchInterrupt_IF
InfoFlowCBase: theory InfoFlow.ArchTcb_IF
InfoFlowCBase: theory InfoFlow.ArchIpc_IF
InfoFlowCBase: theory InfoFlow.Decode_IF
InfoFlowCBase: theory InfoFlow.ArchDecode_IF
InfoFlowCBase: theory InfoFlow.Syscall_IF
InfoFlowCBase: theory InfoFlow.ArchSyscall_IF
InfoFlowCBase: theory InfoFlow.Scheduler_IF
InfoFlowCBase: theory InfoFlow.UserOp_IF
InfoFlowCBase: theory InfoFlow.ArchUserOp_IF
InfoFlowCBase: theory InfoFlow.ArchScheduler_IF
InfoFlowCBase: theory InfoFlow.ADT_IF
InfoFlowCBase: theory InfoFlow.ArchADT_IF
InfoFlowCBase: theory InfoFlow.Noninterference
InfoFlowCBase: theory InfoFlow.ArchNoninterference
InfoFlowCBase: theory InfoFlow.Example_Valid_State
InfoFlowCBase: theory InfoFlowCBase.Include_IF_C
Skipping theories "Include_IF_C" (undefined SKIP_DUPLICATED_PROOFS)
Timing InfoFlowCBase (8 threads, 1258.461s elapsed time, 5427.236s cpu time, 233.718s GC time, factor 4.31)
Finished InfoFlowCBase (0:22:20 elapsed time, 1:33:14 cpu time, factor 4.17)
Building InfoFlowC ...
InfoFlowC: theory InfoFlowC.ADT_IF_Refine
InfoFlowC: theory InfoFlowC.ArchADT_IF_Refine
InfoFlowC: theory InfoFlowC.ADT_IF_Refine_C
InfoFlowC: theory InfoFlowC.Example_Valid_StateH
InfoFlowC: theory InfoFlowC.ArchADT_IF_Refine_C
InfoFlowC: theory InfoFlowC.Noninterference_Refinement
Timing InfoFlowC (8 threads, 841.106s elapsed time, 2846.672s cpu time, 45.909s GC time, factor 3.38)
Finished InfoFlowC (0:15:08 elapsed time, 0:49:33 cpu time, factor 3.27)

Finished at Sat May 9 06:43:43 GMT 2026
0:37:49 elapsed time, 2:22:47 cpu time, factor 3.78
===EXIT=0===
2026-05-09T06:43:43Z
