Started at Sat May 9 02:51:12 GMT 2026 (polyml-5.9.1_x86_64_32-linux on lijun-VMware-Virtual-Platform)
ISABELLE_TOOL_JAVA_OPTIONS="-Djava.awt.headless=true -Xms512m -Xmx4g -Xss16m"
ISABELLE_BUILD_OPTIONS=""

ML_PLATFORM="x86_64_32-linux"
ML_HOME="/root/.isabelle/contrib/polyml-5.9.1/x86_64_32-linux"
ML_SYSTEM="polyml-5.9.1"
ML_OPTIONS="-H 8000 --maxheap 16000 --stackspace 64"

Session Pure/Pure
Session FOL/FOL
Session Misc/Tools
Session HOL/HOL (main)
Session HOL/HOL-Cardinals (timing)
Session HOL/HOL-Library (main timing)
Session HOL/HOL-Combinatorics (main timing)
Session HOL/HOL-Computational_Algebra (main timing)
Session HOL/HOL-Algebra (main timing)
Session HOL/HOL-Decision_Procs (timing)
Session HOL/HOL-Real_Asymp
Session HOL/HOL-Analysis (main timing)
Session HOL/HOL-Eisbach
Session HOL/HOL-Statespace
Session Lib/ML_Utils (lib)
Session Lib/Eisbach_Tools (lib)
Session Lib/Monads (lib)
Session Lib/Word_Lib (lib)
Session Lib/Basics (lib)
Session Lib/Lib (lib)
Session Specifications/ExecSpec
Session Specifications/ASpec
Session Proofs/AInvs
Session Lib/CorresK
Session Proofs/BaseRefine
Session Proofs/Refine
Session C-Parser/Simpl-VCG
Session C-Parser/CParser
Session Unsorted/AutoCorres
Session Lib/CLib (lib)
Session Tools/AsmRefine
Session Specifications/CKernel
Session Specifications/CSpec
Session Proofs/CBaseRefine
Building CBaseRefine ...
CBaseRefine: theory ML_Utils.MkTermAntiquote
CBaseRefine: theory CParser.MapExtra
CBaseRefine: theory CParser.Padding
CBaseRefine: theory CParser.StaticFun
CBaseRefine: theory HOL-Library.Old_Recdef
CBaseRefine: theory CParser.Arrays
CBaseRefine: theory HOL-Statespace.DistinctTreeProver
CBaseRefine: theory AutoCorres.NatBitwise
CBaseRefine: theory AutoCorres.NonDetMonadEx
CBaseRefine: theory CParser.Addr_Type
CBaseRefine: theory CParser.CTypesBase
CBaseRefine: theory CParser.MapExtraTrans
CBaseRefine: theory HOL-Statespace.StateFun
CBaseRefine: theory Simpl-VCG.Generalise
CBaseRefine: theory AutoCorres.MonadMono
CBaseRefine: theory Simpl-VCG.Language
CBaseRefine: theory HOL-Statespace.StateSpaceLocale
CBaseRefine: theory CParser.CTypesDefs
CBaseRefine: theory Simpl-VCG.Semantic
CBaseRefine: theory CParser.CTypes
CBaseRefine: theory CParser.HeapRawState
CBaseRefine: theory CParser.Vanilla32_Preliminaries
CBaseRefine: theory CParser.Word_Mem_Encoding
CBaseRefine: theory Simpl-VCG.HoarePartialDef
CBaseRefine: theory Simpl-VCG.Termination
CBaseRefine: theory CParser.Vanilla32
CBaseRefine: theory Simpl-VCG.HoarePartialProps
CBaseRefine: theory CParser.CompoundCTypes
CBaseRefine: theory Simpl-VCG.HoareTotalDef
CBaseRefine: theory Simpl-VCG.SmallStep
CBaseRefine: theory Simpl-VCG.HoarePartial
CBaseRefine: theory CParser.ArraysMemInstance
CBaseRefine: theory CParser.ArchArraysMemInstance
CBaseRefine: theory Simpl-VCG.HoareTotalProps
CBaseRefine: theory Simpl-VCG.HoareTotal
CBaseRefine: theory CParser.TypHeap
CBaseRefine: theory Simpl-VCG.Hoare
CBaseRefine: theory Simpl-VCG.StateSpace
CBaseRefine: theory Simpl-VCG.Vcg
CBaseRefine: theory CParser.Separation
CBaseRefine: theory CParser.PrettyProgs
CBaseRefine: theory CParser.IndirectCalls
CBaseRefine: theory CParser.SepCode
CBaseRefine: theory CParser.SepInv
CBaseRefine: theory CParser.SepTactic
CBaseRefine: theory CParser.StructSupport
CBaseRefine: theory CParser.SepFrame
CBaseRefine: theory CParser.ArrayAssertion
CBaseRefine: theory CParser.CProof
*** Consumer thread failure: "Isabelle.Session.manager"
*** Missing session sources entry "/sel4-project/verification/l4v/tools/c-parser/umm_heap/$L4V_ARCH/TargetNumbers.ML"
CBaseRefine: theory CParser.CLanguage
CBaseRefine: theory CParser.ModifiesProofs
CBaseRefine: theory CParser.PackedTypes
CBaseRefine: theory CParser.CTranslation
CBaseRefine: theory AutoCorres.SimplBucket
CBaseRefine: theory AutoCorres.AutoCorresSimpset
CBaseRefine: theory AutoCorres.CCorresE
CBaseRefine: theory CLib.CTranslationNICTA
CBaseRefine: theory AsmRefine.ArchSetup
CBaseRefine: theory CParser.TypHeapLib
CBaseRefine: theory AutoCorres.CorresXF
CBaseRefine: theory AutoCorres.L1Defs
CBaseRefine: theory AutoCorres.AbstractArrays
CBaseRefine: theory AutoCorres.TypHeapSimple
CBaseRefine: theory AutoCorres.ExecConcrete
CBaseRefine: theory AutoCorres.L1Peephole
CBaseRefine: theory AutoCorres.L1Valid
CBaseRefine: theory CLib.BitFieldProofsLib
CBaseRefine: theory AutoCorres.ExceptionRewrite
CBaseRefine: theory AutoCorres.L2Defs
CBaseRefine: theory AutoCorres.SimplConv
CBaseRefine: theory CParser.LemmaBucket_C
CBaseRefine: theory AsmRefine.GlobalsSwap
CBaseRefine: theory CLib.SIMPL_Lemmas
CBaseRefine: theory CLib.Corres_UL_C
CBaseRefine: theory AutoCorres.L2Peephole
CBaseRefine: theory AutoCorres.TypeStrengthen
CBaseRefine: theory AutoCorres.WordAbstract
CBaseRefine: theory AutoCorres.L2Opt
CBaseRefine: theory AutoCorres.LocalVarExtract
CBaseRefine: theory AutoCorres.HeapLift
CBaseRefine: theory AutoCorres.WordPolish
CBaseRefine: theory AsmRefine.CommonOps
CBaseRefine: theory AutoCorres.Polish
CBaseRefine: theory CKernel.Kernel_C
*** Consumer thread failure: "Isabelle.Session.manager"
*** Missing session sources entry "/sel4-project/verification/l4v/spec/cspec/c/build/$L4V_ARCH/kernel_all.c_pp"
CBaseRefine: theory AutoCorres.AutoCorres
CBaseRefine: theory CBaseRefine.L4VerifiedLinks
CBaseRefine: theory CSpec.Substitute
CBaseRefine: theory CSpec.KernelState_C
CBaseRefine: theory CSpec.shared_types_defs
CBaseRefine: theory CSpec.structures_defs
CBaseRefine: theory CSpec.shared_types_proofs
CBaseRefine: theory CSpec.structures_proofs
CBaseRefine: theory CSpec.KernelInc_C
CBaseRefine: theory CBaseRefine.Include_C
Skipping theories "L4VerifiedLinks", "Include_C" (undefined SKIP_DUPLICATED_PROOFS)
Timing CBaseRefine (8 threads, 1318.252s elapsed time, 5631.938s cpu time, 291.945s GC time, factor 4.27)
Finished CBaseRefine (0:25:27 elapsed time, 1:41:00 cpu time, factor 3.97)

Finished at Sat May 9 03:17:01 GMT 2026
0:25:48 elapsed time, 1:41:00 cpu time, factor 3.91
===EXIT=0===
2026-05-09T03:17:01Z
