[init ok]
[reached retype_region_silc_inv]
== target line 42: subgoal
by (fastforce elim: cte_wp_atE intro: cte_wp_at_cteI cte_wp_at
   facts: ['cte_wp_atE', 'cte_wp_at_cteI', 'cte_wp_at_tcbI']
  [think d0] (NO_CLAUDE: pure DFS, structural menu order)  -> []
    → apply (erule conjE)  [2sg] 1. \<And>s a b cap. \<lbrakk>range_cover ptr sz (obj_bi
  [think d1] (NO_CLAUDE: pure DFS, structural menu order)  -> []
    → apply (erule notE)  [2sg] 1. \<And>s a b cap. \<lbrakk>range_cover ptr sz (obj_bi
  [think d2] (NO_CLAUDE: pure DFS, structural menu order)  -> []
    → apply (erule allE)  [2sg] 1. \<And>s a b cap. \<lbrakk>range_cover ptr sz (obj_bi
  [think d3] (NO_CLAUDE: pure DFS, structural menu order)  -> []
    → apply (rule cte_wp_atE)  [4sg] 1. \<And>s a b cap. \<lbrakk>range_cover ptr sz (obj_bi
  [think d4] (NO_CLAUDE: pure DFS, structural menu order)  -> []
    → apply (subst cte_wp_atE)  [5sg] 1. \<And>s a b cap. \<lbrakk>range_cover ptr sz (obj_bi
  [think d5] (NO_CLAUDE: pure DFS, structural menu order)  -> []
    → apply (rule cte_wp_at_cteI)  [5sg] 1. \<And>s a b cap. \<lbrakk>range_cover ptr sz (obj_bi
  [think d6] (NO_CLAUDE: pure DFS, structural menu order)  -> []
    → apply (rule cte_wp_at_tcbI)  [4sg] 1. \<And>s a b cap. \<lbrakk>range_cover ptr sz (obj_bi
  [think d7] (NO_CLAUDE: pure DFS, structural menu order)  -> []
    → apply (subst cte_wp_at_tcbI)  [5sg] 1. \<And>s a b cap. \<lbrakk>range_cover ptr sz (obj_bi
  [think d8] (NO_CLAUDE: pure DFS, structural menu order)  -> []
    ↩ backtrack
    ↩ backtrack
    ↩ backtrack
    ↩ backtrack
[node cap]

[result] verdict=NO-PATH  path=[]
[saved] /workspace/tools/seL4-proof-search/Isa-Repl/runs/react-retype_region_silc_inv-P25803.json
