ERROR:root:Exception while sending command.
Traceback (most recent call last):
  File "/opt/conda/lib/python3.13/site-packages/py4j/java_gateway.py", line 1255, in send_command
    answer = smart_decode(self.stream.readline()[:-1])
                          ~~~~~~~~~~~~~~~~~~~~^^
  File "/opt/conda/lib/python3.13/socket.py", line 719, in readinto
    return self._sock.recv_into(b)
           ~~~~~~~~~~~~~~~~~~~~^^^
TimeoutError: timed out

During handling of the above exception, another exception occurred:

Traceback (most recent call last):
  File "/opt/conda/lib/python3.13/site-packages/py4j/java_gateway.py", line 1038, in send_command
    response = connection.send_command(command)
  File "/opt/conda/lib/python3.13/site-packages/py4j/java_gateway.py", line 1268, in send_command
    raise Py4JNetworkError(
        "Error while receiving", e, proto.ERROR_ON_RECEIVE)
py4j.protocol.Py4JNetworkError: Error while receiving
[error] An error occurred while calling t._initializeRepl
[saved] /workspace/tools/seL4-proof-search/Isa-Repl/runs/react-send_sync_ipc_corres-P25804.json
ERROR:py4j.java_gateway:An error occurred while trying to connect to the Java server (127.0.0.1:25804)
Traceback (most recent call last):
  File "/opt/conda/lib/python3.13/site-packages/py4j/java_gateway.py", line 1038, in send_command
    response = connection.send_command(command)
  File "/opt/conda/lib/python3.13/site-packages/py4j/java_gateway.py", line 1262, in send_command
    raise Py4JNetworkError("Answer from Java side is empty", when=proto.EMPTY_RESPONSE)
py4j.protocol.Py4JNetworkError: Answer from Java side is empty

During handling of the above exception, another exception occurred:

Traceback (most recent call last):
  File "/opt/conda/lib/python3.13/site-packages/py4j/java_gateway.py", line 982, in _get_connection
    connection = self.deque.pop()
IndexError: pop from an empty deque

During handling of the above exception, another exception occurred:

Traceback (most recent call last):
  File "/opt/conda/lib/python3.13/site-packages/py4j/java_gateway.py", line 1170, in start
    self.socket.connect((self.address, self.port))
    ~~~~~~~~~~~~~~~~~~~^^^^^^^^^^^^^^^^^^^^^^^^^^^
ConnectionRefusedError: [Errno 111] Connection refused
