[genstat-stateful] is_transferable_Zombie @ proof/access-control/Access_AC.thy
[init ok]
[reached is_transferable_Zombie]
== target: by (blast elim: is_transferable.cases)
   A_goal: \<not> is_transferable_cap (Zombie ptr sz n)
   B: close the goal (0 subgoals)
  step 0: 9.0s -> ['apply (rule notI)', 'apply (erule is_transferable.cases)', 'apply (simp only: cap.distinct option.distinct)+']
  step 0: OK -> 2 subgoal(s); applied=['apply (rule notI)', 'apply (erule is_transferable.cases)', 'apply (simp only: cap.distinct option.distinct)+']
  step 1: 4.5s -> ['apply (rule notI)', 'apply (erule is_transferable.cases)', 'apply (simp only: cap.distinct option.distinct)+']
  step 1: REPEAT-CHUNK (work already done)
  step 2: 44.6s -> ['apply (rule notI)', 'apply (erule is_transferable.cases)', 'apply (simp only: cap.distinct option.distinct)+']
  step 2: REPEAT-CHUNK (work already done)
  step 3: 13.0s -> ['apply (rule notI)', 'apply (erule is_transferable.cases)', 'apply (simp only: cap.distinct option.distinct)+']
  step 3: REPEAT-CHUNK (work already done)
  step 4: 36.5s -> ['apply (rule notI)', 'apply (erule is_transferable.cases)', 'apply (simp only: cap.distinct option.distinct)+']
  step 4: REPEAT-CHUNK (work already done)
  step 5: 35.5s -> ['apply (rule notI)', 'apply (erule is_transferable.cases)', 'apply (simp only: cap.distinct option.distinct)+']
  step 5: REPEAT-CHUNK (work already done)
  step 6: 37.0s -> ['apply (rule notI)', 'apply (erule is_transferable.cases)', 'apply (simp only: cap.distinct option.distinct)+']
  step 6: REPEAT-CHUNK (work already done)
  step 7: 26.5s -> ['apply (rule notI)', 'apply (erule is_transferable.cases)', 'apply (simp only: cap.distinct option.distinct)+']
  step 7: REPEAT-CHUNK (work already done)
  step 8: 72.6s -> ['apply (rule notI)', 'apply (erule is_transferable.cases)', 'apply (simp only: cap.distinct option.distinct)+']
  step 8: REPEAT-CHUNK (work already done)
  step 9: 32.0s -> ['apply (rule notI)', 'apply (erule is_transferable.cases)', 'apply (simp only: cap.distinct option.distinct)+']
  step 9: REPEAT-CHUNK (work already done)
  step 10: 92.1s -> ['apply (rule notI)', 'apply (erule is_transferable.cases)', 'apply (simp only: cap.distinct option.distinct)+']
  step 10: REPEAT-CHUNK (work already done)
  step 11: 270.3s -> ['apply (rule notI)', 'apply (erule is_transferable.cases)', 'apply (simp only: cap.distinct option.distinct)+']
  step 11: REPEAT-CHUNK (work already done)
  step 12: 98.1s -> ['apply (rule notI)', 'apply (erule is_transferable.cases)', 'apply (simp only: cap.distinct option.distinct)+']
  step 12: REPEAT-CHUNK (work already done)
  step 13: 16.0s -> ['apply (rule notI)', 'apply (erule is_transferable.cases)', 'apply (simp only: cap.distinct option.distinct)+']
  step 13: REPEAT-CHUNK (work already done)
  step 14: 50.1s -> ['apply (rule notI)', 'apply (erule is_transferable.cases)', 'apply (simp only: cap.distinct option.distinct)+']
  step 14: REPEAT-CHUNK (work already done)
  step 15: 112.1s -> ['apply (rule notI)', 'apply (erule is_transferable.cases)', 'apply (simp only: cap.distinct option.distinct)+']
  step 15: REPEAT-CHUNK (work already done)
  step 16: 21.0s -> ['apply (rule notI)', 'apply (erule is_transferable.cases)', 'apply (simp only: cap.distinct option.distinct)+']
  step 16: REPEAT-CHUNK (work already done)
  step 17: 28.5s -> ['apply (rule notI)', 'apply (erule is_transferable.cases)', 'apply (simp only: cap.distinct option.distinct)+']
  step 17: REPEAT-CHUNK (work already done)
  step 18: 10.5s -> ['apply (rule notI)', 'apply (erule is_transferable.cases)', 'apply (simp only: cap.distinct option.distinct)+']
  step 18: REPEAT-CHUNK (work already done)
  step 19: 78.1s -> ['apply (rule notI)', 'apply (erule is_transferable.cases)', 'apply (simp only: cap.distinct option.distinct)+']
  step 19: REPEAT-CHUNK (work already done)
[saved] /workspace/tools/seL4-proof-search/Isa-Repl/runs/genstat-stateful-is_transferable_Zombie.json  verdict=NO-PATH
